COTEJO GEDI (rh98) CONTRA ICESat-2 ATL08 (h_canopy)
celda de 500 m, minimo 3 huellas GEDI y 3 segmentos ATL08 por celda
nivel ATL08: conservador

BOSQUE_NW_02 | todo
   celdas con ambas misiones: 88, comparables: 10
   huellas GEDI 690, segmentos ATL08 905
   nivel por celda: GEDI 4.94 m, ATL08 8.65 m  (razon 1.75 x)
   diferencia mediana pareada (ATL08 - GEDI): 3.09 m  [p25 2.70, p75 7.15]
   Spearman entre medianas de celda: 0.321

BOSQUE_NW_02 | ventana_gedi_2024-11-06_a_2025-03-30
   celdas con ambas misiones: 1, comparables: 0
   huellas GEDI 690, segmentos ATL08 21
   sin celdas comparables

ESTEPA_NW_02 | todo
   celdas con ambas misiones: 262, comparables: 93
   huellas GEDI 3083, segmentos ATL08 1482
   nivel por celda: GEDI 2.95 m, ATL08 9.30 m  (razon 3.15 x)
   diferencia mediana pareada (ATL08 - GEDI): 6.37 m  [p25 2.63, p75 7.98]
   Spearman entre medianas de celda: 0.029

ESTEPA_NW_02 | ventana_gedi_2024-10-22_a_2025-03-30
   celdas con ambas misiones: 43, comparables: 7
   huellas GEDI 3083, segmentos ATL08 144
   nivel por celda: GEDI 2.83 m, ATL08 9.12 m  (razon 3.22 x)
   diferencia mediana pareada (ATL08 - GEDI): 6.46 m  [p25 3.23, p75 6.63]
   Spearman entre medianas de celda: 0.090

COMO SE LEE ESTO
   Lea la diferencia junto al nivel, nunca sola. Una diferencia de 4 m
   sobre un dosel de 6 m no es lo mismo que sobre uno de 25 m: la razon
   dice cuanto pesa en proporcion, y es la cifra que hay que informar.

   La diferencia mediana NO es el error de GEDI: es la discrepancia
   entre dos estimaciones satelitales, ninguna verificada en el suelo.
   Sirve como cota inferior de la incertidumbre de la referencia, y
   como aviso: donde las dos misiones no coinciden, cualquier modelo
   calibrado contra una sola hereda esa discrepancia sin declararla.

   Si la discrepancia resulta mayor en la estepa que en el bosque,
   antes de explicarla por el terreno conviene mirar los errores
   conocidos de ATL08 (06_Bibliografia/04_Enlaces): la clasificacion
   de fotones de copa y de terreno es mas dificil donde la vegetacion
   es baja y rala, que es justamente la estepa.
