Registro de esta corrida: C:\Temp\BIOMASA_BOSQUE_ESTEPA\TP2_LiDAR_GEDI\05_Resultados\06_Control_calidad\DESCARGA_BIOMASS.log
   AVISO: OFFLINE_TOKEN venia entre <> y se los quite. Conviene
   sacarlos del archivo: son del ejemplo, no del valor.
Access token OK.
Catalogo STAC de ESA MAAP: https://catalog.maap.eo.esa.int/catalogue/

=== AOI: BOSQUE_NW_02  bbox=[-71.5977, -42.6952, -71.4096, -42.5563] ===
   BiomassLevel2a: 8 producto(s)
     Descargando BIO_FP_FH__L2A_20260426T223145_20260508T223213_T_G01_M03_C___T014_F192_02_DSOJ82 ...
      OK -> BIO_FP_FH__L2A_20260426T223145_20260508T223213_T_G01_M03_C___T014_F192_02_DSOJ82.ZIP
     Descargando BIO_FP_FH__L2A_20260609T105815_20260621T105843_T_G01_M03_C___T036_F274_02_DU0DEP ...
      OK -> BIO_FP_FH__L2A_20260609T105815_20260621T105843_T_G01_M03_C___T036_F274_02_DU0DEP.ZIP
     Descargando BIO_FP_GN__L2A_20260607T223212_20260619T223240_T_G01_M03_C___T014_F192_02_DTZJJ3 ...
      OK -> BIO_FP_GN__L2A_20260607T223212_20260619T223240_T_G01_M03_C___T014_F192_02_DTZJJ3.ZIP
     Descargando BIO_FP_GN__L2A_20260517T223159_20260529T223227_T_G01_M03_C___T014_F192_02_DTF9O6 ...
      OK -> BIO_FP_GN__L2A_20260517T223159_20260529T223227_T_G01_M03_C___T014_F192_02_DTF9O6.ZIP
     Descargando BIO_FP_FH__L2A_20260517T223159_20260529T223227_T_G01_M03_C___T014_F192_02_DTF9M3 ...
      OK -> BIO_FP_FH__L2A_20260517T223159_20260529T223227_T_G01_M03_C___T014_F192_02_DTF9M3.ZIP
     Descargando BIO_FP_GN__L2A_20260426T223145_20260508T223213_T_G01_M03_C___T014_F192_02_DSOJAA ...
      OK -> BIO_FP_GN__L2A_20260426T223145_20260508T223213_T_G01_M03_C___T014_F192_02_DSOJAA.ZIP
     Descargando BIO_FP_GN__L2A_20260609T105815_20260621T105843_T_G01_M03_C___T036_F274_02_DU0DGJ ...
      OK -> BIO_FP_GN__L2A_20260609T105815_20260621T105843_T_G01_M03_C___T036_F274_02_DU0DGJ.ZIP
     Descargando BIO_FP_FH__L2A_20260607T223212_20260619T223240_T_G01_M03_C___T014_F192_02_DTZJH5 ...
      OK -> BIO_FP_FH__L2A_20260607T223212_20260619T223240_T_G01_M03_C___T014_F192_02_DTZJH5.ZIP

=== AOI: ESTEPA_NW_02  bbox=[-71.2137, -42.8468, -71.0259, -42.7084] ===
   BiomassLevel2a: 8 producto(s)
     Descargando BIO_FP_FH__L2A_20260609T105815_20260621T105843_T_G01_M03_C___T036_F274_02_DU0DEP ...
      ya bajado en esta corrida, se omite
     Descargando BIO_FP_GN__L2A_20260607T223212_20260619T223240_T_G01_M03_C___T014_F192_02_DTZJJ3 ...
      ya bajado en esta corrida, se omite
     Descargando BIO_FP_GN__L2A_20260517T223159_20260529T223227_T_G01_M03_C___T014_F192_02_DTF9O6 ...
      ya bajado en esta corrida, se omite
     Descargando BIO_FP_FH__L2A_20260517T223159_20260529T223227_T_G01_M03_C___T014_F192_02_DTF9M3 ...
      ya bajado en esta corrida, se omite
     Descargando BIO_FP_FH__L2A_20260519T105802_20260531T105829_T_G01_M03_C___T036_F274_02_DTEQNJ ...
      OK -> BIO_FP_FH__L2A_20260519T105802_20260531T105829_T_G01_M03_C___T036_F274_02_DTEQNJ.ZIP
     Descargando BIO_FP_GN__L2A_20260519T105802_20260531T105829_T_G01_M03_C___T036_F274_02_DTEQPK ...
      OK -> BIO_FP_GN__L2A_20260519T105802_20260531T105829_T_G01_M03_C___T036_F274_02_DTEQPK.ZIP
     Descargando BIO_FP_GN__L2A_20260609T105815_20260621T105843_T_G01_M03_C___T036_F274_02_DU0DGJ ...
      ya bajado en esta corrida, se omite
     Descargando BIO_FP_FH__L2A_20260607T223212_20260619T223240_T_G01_M03_C___T014_F192_02_DTZJH5 ...
      ya bajado en esta corrida, se omite

Listo. Archivos en: C:\Temp\BIOMASA_BOSQUE_ESTEPA\00_COMUN\08_Orig\03_post\BIOMASS_bandaP
